<html>
<body>
<pre>
<h1>µVision Build Log</h1>
<h2>Tool Versions:</h2>
IDE-Version: µVision V5.38.0.0
Copyright (C) 2022 ARM Ltd and ARM Germany GmbH. All rights reserved.
License Information: sudhir borra, Borri Spa, LIC=----
 
Tool Versions:
Toolchain:       MDK-Lite  Version: 5.38.0.0
Toolchain Path:  C:\Keil_v5\ARM\ARMCLANG\Bin
C Compiler:      ArmClang.exe V6.19
Assembler:       Armasm.exe V6.19
Linker/Locator:  ArmLink.exe V6.19
Library Manager: ArmAr.exe V6.19
Hex Converter:   FromElf.exe V6.19
CPU DLL:         SARMCM3.DLL V5.38.0.0
Dialog DLL:      DCM.DLL V1.17.5.0
Target DLL:      STLink\ST-LINKIII-KEIL_SWO.dll V3.1.0.0
Dialog DLL:      TCM.DLL V1.56.4.0
 
<h2>Project:</h2>
C:\Users\sudhi\Documents\STM32_Register\ADC\ADC.uvprojx
Project File Date:  02/01/2024

<h2>Output:</h2>
*** Using Compiler 'V6.19', folder: 'C:\Keil_v5\ARM\ARMCLANG\Bin'
Build target 'Target 1'
main.c(6): warning: In file included from...
./RccConfig_F446.h(4): warning: // comments are not allowed in this language [-Wcomment]
#include "stm32f4xx.h"                  // Device header
                                        ^
main.c(23): warning: // comments are not allowed in this language [-Wcomment]
        RCC->APB2ENR  |= (1<<8); // Enable the ADC1 clock
                                 ^
main.c(31): warning: implicit conversion changes signedness: 'int' to 'unsigned int' [-Wsign-conversion]
        ADC1->CR1 &= ~(1<<24); // 12 bit resolution
                  ~~ ^~~~~~~~
main.c(36): warning: implicit conversion changes signedness: 'int' to 'unsigned int' [-Wsign-conversion]
        ADC1-> CR2 &= ~(1<<11); // Data Alignement RIGHT
                   ~~ ^~~~~~~~
main.c(39): warning: implicit conversion changes signedness: 'int' to 'unsigned int' [-Wsign-conversion]
        ADC1->SMPR2 &= ~(1<<7)|(7<<12); // Sampling time of 3 Cycles for Channel 1 and channel 4
                    ~~ ~~~~~~~^~~~~~~~
main.c(10): warning: no previous prototype for function 'ADC_Init' [-Wmissing-prototypes]
void ADC_Init(void)
     ^
main.c(10): note: declare 'static' if the function is not intended to be used outside of this translation unit
void ADC_Init(void)
^
static 
main.c(57): warning: mixing declarations and code is a C99 extension [-Wdeclaration-after-statement]
        uint32_t delay =10000;
                 ^
main.c(50): warning: no previous prototype for function 'ADC_Enable' [-Wmissing-prototypes]
void ADC_Enable(void)
     ^
main.c(50): note: declare 'static' if the function is not intended to be used outside of this translation unit
void ADC_Enable(void)
^
static 
main.c(70): warning: implicit conversion changes signedness: 'int' to 'unsigned int' [-Wsign-conversion]
        ADC1->SQR3 |=(channel<<0);  // Conversion in regular channel
                   ~~ ~~~~~~~^~~
main.c(61): warning: no previous prototype for function 'ADC_Start' [-Wmissing-prototypes]
void ADC_Start(int channel)
     ^
main.c(61): note: declare 'static' if the function is not intended to be used outside of this translation unit
void ADC_Start(int channel)
^
static 
main.c(75): warning: no previous prototype for function 'ADC_WaitforConv' [-Wmissing-prototypes]
void ADC_WaitforConv(void)
     ^
main.c(75): note: declare 'static' if the function is not intended to be used outside of this translation unit
void ADC_WaitforConv(void)
^
static 
main.c(84): warning: implicit conversion loses integer precision: 'volatile uint32_t' (aka 'volatile unsigned int') to 'uint16_t' (aka 'unsigned short') [-Wimplicit-int-conversion]
        return ADC1-> DR;  // Read the Data register
        ~~~~~~ ~~~~~~~^~
main.c(82): warning: no previous prototype for function 'ADC_GetVal' [-Wmissing-prototypes]
uint16_t ADC_GetVal(void)
         ^
main.c(82): note: declare 'static' if the function is not intended to be used outside of this translation unit
uint16_t ADC_GetVal(void)
^
static 
main.c(90): warning: implicit conversion changes signedness: 'int' to 'unsigned int' [-Wsign-conversion]
                ADC1->CR2 &= ~(1<<0); // Disable the ADC
                          ~~ ^~~~~~~
main.c(87): warning: no previous prototype for function 'ADC_Disable' [-Wmissing-prototypes]
void ADC_Disable(void)
     ^
main.c(87): note: declare 'static' if the function is not intended to be used outside of this translation unit
void ADC_Disable(void)
^
static 
main.c(94): warning: no previous extern declaration for non-static variable 'ADC_VAL' [-Wmissing-variable-declarations]
uint16_t ADC_VAL[2] = {0,0};
         ^
main.c(94): note: declare 'static' if the variable is not intended to be used outside of this translation unit
uint16_t ADC_VAL[2] = {0,0};
^
16 warnings generated.
compiling main.c...
linking...
Program Size: Code=944 RO-data=468 RW-data=0 ZI-data=1640  
".\Objects\ADC.axf" - 0 Error(s), 16 Warning(s).

<h2>Software Packages used:</h2>

Package Vendor: ARM
                http://www.keil.com/pack/ARM.CMSIS.5.9.0.pack
                ARM.CMSIS.5.9.0
                CMSIS (Common Microcontroller Software Interface Standard)
   * Component: CORE Version: 5.6.0

Package Vendor: Keil
                https://www.keil.com/pack/Keil.STM32F4xx_DFP.2.17.0.pack
                Keil.STM32F4xx_DFP.2.17.0
                STMicroelectronics STM32F4 Series Device Support, Drivers and Examples
   * Component: Startup Version: 2.6.3

<h2>Collection of Component include folders:</h2>
  ./RTE/_Target_1
  C:/Users/sudhi/AppData/Local/Arm/Packs/ARM/CMSIS/5.9.0/CMSIS/Core/Include
  C:/Users/sudhi/AppData/Local/Arm/Packs/Keil/STM32F4xx_DFP/2.17.0/Drivers/CMSIS/Device/ST/STM32F4xx/Include

<h2>Collection of Component Files used:</h2>

   * Component: ARM::CMSIS:CORE:5.6.0

   * Component: Keil::Device:Startup:2.6.3
      Source file:   MDK/Device/Source/ARM/STM32F446xx_OPT.s
      Source file:   MDK/Device/Source/ARM/STM32F4xx_OTP.s
      Include file:  Drivers/CMSIS/Device/ST/STM32F4xx/Include/stm32f4xx.h
      Source file:   Drivers/CMSIS/Device/ST/STM32F4xx/Source/Templates/arm/startup_stm32f446xx.s
      Source file:   Drivers/CMSIS/Device/ST/STM32F4xx/Source/Templates/system_stm32f4xx.c
Build Time Elapsed:  00:00:01
</pre>
</body>
</html>
