../Core/Src/main.c:20:5:main	8	static
../Core/Src/main.c:60:6:SystemClock_Config_HSE	96	static
../Core/Src/main.c:151:6:CAN1_Tx	48	static
../Core/Src/main.c:174:6:CAN1_Rx	96	static
../Core/Src/main.c:196:6:CAN_Filter_Config	48	static
../Core/Src/main.c:216:6:GPIO_Init	32	static
../Core/Src/main.c:228:6:UART2_Init	8	static
../Core/Src/main.c:247:6:CAN1_Init	8	static
../Core/Src/main.c:271:6:HAL_CAN_TxMailbox0CompleteCallback	72	static
../Core/Src/main.c:279:6:HAL_CAN_TxMailbox1CompleteCallback	72	static
../Core/Src/main.c:288:6:HAL_CAN_TxMailbox2CompleteCallback	72	static
../Core/Src/main.c:296:6:HAL_CAN_RxFifo0MsgPendingCallback	104	static
../Core/Src/main.c:317:6:HAL_CAN_ErrorCallback	72	static
../Core/Src/main.c:326:6:Error_handler	4	static
