<html>
<body>
<pre>
<h1>µVision Build Log</h1>
<h2>Tool Versions:</h2>
IDE-Version: µVision V5.38.0.0
Copyright (C) 2022 ARM Ltd and ARM Germany GmbH. All rights reserved.
License Information: sudhir borra, Borri Spa, LIC=----
 
Tool Versions:
Toolchain:       MDK-Lite  Version: 5.38.0.0
Toolchain Path:  C:\Keil_v5\ARM\ARMCLANG\Bin
C Compiler:      ArmClang.exe V6.19
Assembler:       Armasm.exe V6.19
Linker/Locator:  ArmLink.exe V6.19
Library Manager: ArmAr.exe V6.19
Hex Converter:   FromElf.exe V6.19
CPU DLL:         SARMCM3.DLL V5.38.0.0
Dialog DLL:      DCM.DLL V1.17.5.0
Target DLL:      STLink\ST-LINKIII-KEIL_SWO.dll V3.1.0.0
Dialog DLL:      TCM.DLL V1.56.4.0
 
<h2>Project:</h2>
C:\Users\sudhi\Documents\STM32_Register\External Interrupt\ExternalInterrupt.uvprojx
Project File Date:  05/10/2023

<h2>Output:</h2>
*** Using Compiler 'V6.19', folder: 'C:\Keil_v5\ARM\ARMCLANG\Bin'
Build target 'Target 1'
main.c(2): warning: In file included from...
./RccConfig.h(21): warning: // comments are not allowed in this language [-Wcomment]
#include "stm32f4xx.h"                  // Device header
                                        ^
./RccConfig.h(76): warning: no newline at end of file [-Wnewline-eof]
}
 ^
./RccConfig.h(24): warning: no previous prototype for function 'SysClockConfig' [-Wmissing-prototypes]
void SysClockConfig (void)
     ^
./RccConfig.h(24): note: declare 'static' if the function is not intended to be used outside of this translation unit
void SysClockConfig (void)
^
static 
main.c(18): warning: // comments are not allowed in this language [-Wcomment]
        //2.Set the required pin as INPUT mode
        ^
main.c(19): warning: implicit conversion changes signedness: 'int' to 'unsigned int' [-Wsign-conversion]
        GPIOA->MODER &= ~(3<<2);
                     ~~ ^~~~~~~
main.c(37): warning: implicit conversion changes signedness: 'int' to 'unsigned int' [-Wsign-conversion]
        SYSCFG->EXTICR[0] &= ~(0xf<<4);
                          ~~ ^~~~~~~~~
main.c(40): warning: implicit conversion changes signedness: 'int' to 'unsigned int' [-Wsign-conversion]
        EXTI->FTSR &= ~(1<<1);
                   ~~ ^~~~~~~
main.c(46): warning: no previous extern declaration for non-static variable 'flag' [-Wmissing-variable-declarations]
int flag=0;
    ^
main.c(46): note: declare 'static' if the variable is not intended to be used outside of this translation unit
int flag=0;
^
main.c(47): warning: no previous extern declaration for non-static variable 'count' [-Wmissing-variable-declarations]
int count=0;
    ^
main.c(47): note: declare 'static' if the variable is not intended to be used outside of this translation unit
int count=0;
^
main.c(72): warning: a function declaration without a prototype is deprecated in all versions of C [-Wstrict-prototypes]
int main()
        ^
         void
main.c(88): warning: no newline at end of file [-Wnewline-eof]
}
 ^
11 warnings generated.
compiling main.c...
linking...
Program Size: Code=996 RO-data=468 RW-data=0 ZI-data=1640  
".\Objects\ExternalInterrupt.axf" - 0 Error(s), 11 Warning(s).

<h2>Software Packages used:</h2>

Package Vendor: ARM
                http://www.keil.com/pack/ARM.CMSIS.5.9.0.pack
                ARM.CMSIS.5.9.0
                CMSIS (Common Microcontroller Software Interface Standard)
   * Component: CORE Version: 5.6.0

Package Vendor: Keil
                https://www.keil.com/pack/Keil.STM32F4xx_DFP.2.17.0.pack
                Keil.STM32F4xx_DFP.2.17.0
                STMicroelectronics STM32F4 Series Device Support, Drivers and Examples
   * Component: Startup Version: 2.6.3

<h2>Collection of Component include folders:</h2>
  ./RTE/_Target_1
  C:/Users/sudhi/AppData/Local/Arm/Packs/ARM/CMSIS/5.9.0/CMSIS/Core/Include
  C:/Users/sudhi/AppData/Local/Arm/Packs/Keil/STM32F4xx_DFP/2.17.0/Drivers/CMSIS/Device/ST/STM32F4xx/Include

<h2>Collection of Component Files used:</h2>

   * Component: ARM::CMSIS:CORE:5.6.0

   * Component: Keil::Device:Startup:2.6.3
      Source file:   Drivers/CMSIS/Device/ST/STM32F4xx/Source/Templates/system_stm32f4xx.c
      Source file:   MDK/Device/Source/ARM/STM32F446xx_OPT.s
      Include file:  Drivers/CMSIS/Device/ST/STM32F4xx/Include/stm32f4xx.h
      Source file:   MDK/Device/Source/ARM/STM32F4xx_OTP.s
      Source file:   Drivers/CMSIS/Device/ST/STM32F4xx/Source/Templates/arm/startup_stm32f446xx.s
Build Time Elapsed:  00:00:00
</pre>
</body>
</html>
